WARNING: node "Zerocat Chipflasher v2 and its variations" has a colun (':').
WARNING: node "Zerocat Chipflasher v2" has a colun (':').
WARNING: node "Zerocat Chipflasher v2 without builtin firmware" has a colun (':').
WARNING: node "Installing or upgrading GNU Boot images" has a colun (':').
WARNING: node "Secure boot and restricted boot" has a colun (':').