resources/coreboot/d510mo_16mb/board.cfg
resources/coreboot/d510mo/board.cfg
resources/coreboot/d945gclf_16mb/board.cfg
resources/coreboot/d945gclf/board.cfg
resources/coreboot/default/board.cfg
resources/coreboot/default/patches/0001-apple-macbook21-Set-default-VRAM-to-64MiB-instead-of.patch
resources/coreboot/default/patches/0002-add-c3-and-clockgen-to-apple-macbook21.patch
resources/coreboot/default/patches/0003-lenovo-x60-64MiB-Video-RAM-changed-to-default-previo.patch
resources/coreboot/default/patches/0004-lenovo-t60-make-64MiB-VRAM-the-default-in-cmos.defau.patch
resources/coreboot/default/patches/0005-lenovo-t400-set-VRAM-to-352MiB-VRAM-by-default.patch
resources/coreboot/default/patches/0006-lenovo-x200-set-VRAM-to-352MiB-by-default.patch
resources/coreboot/default/patches/0007-gigabyte-ga-g41m-es2l-set-VRAM-to-352MiB-by-default.patch
resources/coreboot/default/patches/0008-acer-g43t-am3-set-VRAM-to-352MiB-by-default.patch
resources/coreboot/default/patches/0009-Revert-cpu-intel-Configure-IA32_FEATURE_CONTROL-for-.patch
resources/coreboot/default/patches/0010-Fix-missing-include.patch
resources/coreboot/default/patches/0011-lenovo-t400-Enable-all-SATA-ports.patch
resources/coreboot/default/patches/0012-fix-speedstep-on-x200-t400-Revert-cpu-intel-model_10.patch
resources/coreboot/default/patches/0015-python-patch.patch
resources/coreboot/default/patches/0016-util-crossgcc-Use-mirror-for-acpica.patch
resources/coreboot/fam15h_rdimm/board.cfg
resources/coreboot/fam15h_rdimm/patches/0003-Tweak-cmos-defaults-for-KCMA-D8-for-a-little-speed-b.patch
resources/coreboot/fam15h_rdimm/patches/0004-Do-not-use-microcode-updates-on-AMD-platforms.patch
resources/coreboot/fam15h_rdimm/patches/0006-asus-kgpe-d16-enable-lc_cache_partitioning-and-exper.patch
resources/coreboot/fam15h_rdimm/patches/0008-crossgcc-patch-binutils-2.32-for-newer-hostcc.patch
resources/coreboot/fam15h_rdimm/patches/0009-fix-crossgcc-acpica-build-on-newer-hostcc.patch
resources/coreboot/fam15h_rdimm/patches/0010-coreboot-fam15h-use-new-upstream-for-acpica.patch
resources/coreboot/fam15h_rdimm/patches/0011-gcc-8.3.0_gnat_eh_new.patch
resources/coreboot/fam15h_rdimm/patches/0012-gcc-8.3.0_ada-MINSTKSZ.patch
resources/coreboot/fam15h_udimm/board.cfg
resources/coreboot/fam15h_udimm/patches/0001-Revert-Revert-nb-amd-mct_ddr3-Fix-RDIMM-training-fai.patch
resources/coreboot/fam15h_udimm/patches/0003-Tweak-cmos-defaults-for-KCMA-D8-for-a-little-speed-b.patch
resources/coreboot/fam15h_udimm/patches/0004-Do-not-use-microcode-updates-on-AMD-platforms.patch
resources/coreboot/fam15h_udimm/patches/0006-asus-kgpe-d16-enable-lc_cache_partitioning-and-exper.patch
resources/coreboot/fam15h_udimm/patches/0008-crossgcc-patch-binutils-2.32-for-newer-hostcc.patch
resources/coreboot/fam15h_udimm/patches/0009-fix-crossgcc-acpica-build-on-newer-hostcc.patch
resources/coreboot/fam15h_udimm/patches/0010-coreboot-fam15h-use-new-upstream-for-acpica.patch
resources/coreboot/fam15h_udimm/patches/0011-gcc-8.3.0_gnat_eh_new.patch
resources/coreboot/fam15h_udimm/patches/0012-gcc-8.3.0_ada-MINSTKSZ.patch
resources/coreboot/g43t-am3_16mb/board.cfg
resources/coreboot/g43t-am3/board.cfg
resources/coreboot/ga-g41m-es2l/board.cfg
resources/coreboot/kcma-d8-rdimm_16mb/board.cfg
resources/coreboot/kcma-d8-rdimm_2mb/board.cfg
resources/coreboot/kcma-d8-udimm_16mb/board.cfg
resources/coreboot/kcma-d8-udimm_2mb/board.cfg
resources/coreboot/kfsn4-dre_1mb/board.cfg
resources/coreboot/kfsn4-dre_2mb/board.cfg
resources/coreboot/kgpe-d16-rdimm_16mb/board.cfg
resources/coreboot/kgpe-d16-rdimm_2mb/board.cfg
resources/coreboot/kgpe-d16-udimm_16mb/board.cfg
resources/coreboot/kgpe-d16-udimm_2mb/board.cfg
resources/coreboot/macbook11_16mb/board.cfg
resources/coreboot/macbook11/board.cfg
resources/coreboot/macbook21_16mb/board.cfg
resources/coreboot/macbook21/board.cfg
resources/coreboot/qemu-pc_2mb/board.cfg
resources/coreboot/r400_16mb/board.cfg
resources/coreboot/r400_4mb/board.cfg
resources/coreboot/r400_8mb/board.cfg
resources/coreboot/r500_4mb/board.cfg
resources/coreboot/t400_16mb/board.cfg
resources/coreboot/t400_4mb/board.cfg
resources/coreboot/t400_8mb/board.cfg
resources/coreboot/t500_16mb/board.cfg
resources/coreboot/t500_4mb/board.cfg
resources/coreboot/t500_8mb/board.cfg
resources/coreboot/t60_16mb_intelgpu/board.cfg
resources/coreboot/t60_intelgpu/board.cfg
resources/coreboot/w500_16mb/board.cfg
resources/coreboot/w500_4mb/board.cfg
resources/coreboot/w500_8mb/board.cfg
resources/coreboot/x200_16mb/board.cfg
resources/coreboot/x200_4mb/board.cfg
resources/coreboot/x200_8mb/board.cfg
resources/coreboot/x301_16mb/board.cfg
resources/coreboot/x301_4mb/board.cfg
resources/coreboot/x301_8mb/board.cfg
resources/coreboot/x60_16mb/board.cfg
resources/coreboot/x60/board.cfg
resources/debian/copyright
resources/grub/modules.list
resources/grub/patches/0001-mitigate-grub-s-missing-characters-for-borders-arrow.patch
resources/grub/patches/0002-specifically-use-python3-in-gentpl.py.patch
resources/grub/patches/0003-say-the-name-gnuboot-in-the-grub-menu.patch
resources/guix/gnuboot/patches/flashrom-1.2.patch
resources/memtest86plus/patch/0001-fix-memtest86-linker-error-during-build.patch
resources/seabios/patches/0001-use-python3-specifically-in-scripts.patch
resources/u-boot/default/blobs.list
website/pages/events/fsf40/chipflasher/0001-manual-distinguish-distros-from-the-hardware-they-su.patch
website/pages/events/fsf40/chipflasher/0002-manual-add-bootloader-s-supported-with-SeaBIOS-image.patch
website/pages/events/fsf40/chipflasher/0003-manual-Supported-operating-systems-split-in-differen.patch
website/pages/events/fsf40/chipflasher/0004-manual-GRUB-images-add-information-about-grub.cfg-im.patch
website/pages/events/fsf40/chipflasher/0005-manual-GRUB-images-add-information-well-supported-pa.patch
website/pages/events/fsf40/chipflasher/0006-manual-GRUB-images-add-information-about-LVM2-partit.patch
website/pages/events/fsf40/chipflasher/0007-manual-GRUB-images-add-information-about-RAID-partit.patch
website/pages/events/fsf40/chipflasher/0008-manual-GRUB-images-warn-about-potential-removal-of-l.patch
website/pages/events/fsf40/chipflasher/0009-manual-move-security-in-its-own-chapter.patch
website/pages/events/fsf40/chipflasher/0010-manual-security-add-section-about-updating-GNU-Boot.patch
website/pages/events/fsf40/chipflasher/0011-manual-security-add-information-about-installing-GNU.patch
website/pages/events/fsf40/chipflasher/0012-manual-security-add-section-on-trusting-hardware.patch
website/pages/events/fsf40/chipflasher/0013-manual-security-add-instruction-to-check-images-sign.patch
website/pages/events/fsf40/chipflasher/0014-manual-flash-programmers-add-Chipflasher-v2.patch
website/pages/events/fsf40/DiffieHellman-website/0001-index.patch
website/pages/events/fsf40/DiffieHellman-website/0002-r400.patch
website/pages/events/fsf40/DiffieHellman-website/0003-t500.patch
website/pages/events/fsf40/DiffieHellman-website/0004-x200.patch
website/pages/events/fsf40/logos/0001-Add-GNU-Boot-logos-sources-and-use-them-to-generate-.patch
website/pages/events/fsf40/qemu/0001-build-download-Handle-unusable-dev-kvm.patch
website/pages/events/fsf40/qemu/0002-manual-Document-how-to-use-GNU-Boot-with-QEMU.patch
website/pages/events/fsf40/spanish/0001-website-sync-pages-status.md-and-pages-status.es.md.patch
website/pages/events/fsf40/workman/0001-Added-workman-keymap.patch
