WARNING: node "Zerocat Chipflasher v2 and its variations" has a comma (',').
WARNING: node "Zerocat Chipflasher v2" has a comma (',').
WARNING: node "Zerocat Chipflasher v2 without builtin firmware" has a comma (',').
WARNING: node "Installing or upgrading GNU Boot images" has a comma (',').
WARNING: node "Secure boot and restricted boot" has a comma (',').
