WARNING: node "Disassembling a computer" is not capitalized.
WARNING: node "Instructions for disassembling specific computers" is not capitalized.
WARNING: node "Static electricity" is not capitalized.
WARNING: node "Not breaking components" is not capitalized.
WARNING: node "Not breaking the printed circuits" is not capitalized.