resources/coreboot/d510mo_16mb/board.cfg
resources/coreboot/d510mo_1mb/board.cfg
resources/coreboot/d945gclf_16mb/board.cfg
resources/coreboot/d945gclf_512kb/board.cfg
resources/coreboot/default/board.cfg
resources/coreboot/fam15h_rdimm/board.cfg
resources/coreboot/fam15h_udimm/board.cfg
resources/coreboot/g43t-am3_16mb/board.cfg
resources/coreboot/g43t-am3_2mb/board.cfg
resources/coreboot/ga-g41m-es2l_1mb/board.cfg
resources/coreboot/kcma-d8-rdimm_16mb/board.cfg
resources/coreboot/kcma-d8-rdimm_2mb/board.cfg
resources/coreboot/kcma-d8-udimm_16mb/board.cfg
resources/coreboot/kcma-d8-udimm_2mb/board.cfg
resources/coreboot/kfsn4-dre_1mb/board.cfg
resources/coreboot/kfsn4-dre_2mb/board.cfg
resources/coreboot/kgpe-d16-rdimm_16mb/board.cfg
resources/coreboot/kgpe-d16-rdimm_2mb/board.cfg
resources/coreboot/kgpe-d16-udimm_16mb/board.cfg
resources/coreboot/kgpe-d16-udimm_2mb/board.cfg
resources/coreboot/macbook11_16mb/board.cfg
resources/coreboot/macbook11_2mb/board.cfg
resources/coreboot/macbook21_16mb/board.cfg
resources/coreboot/macbook21_2mb/board.cfg
resources/coreboot/qemu-pc_2mb/board.cfg
resources/coreboot/r400_16mb/board.cfg
resources/coreboot/r400_4mb/board.cfg
resources/coreboot/r400_8mb/board.cfg
resources/coreboot/r500_4mb/board.cfg
resources/coreboot/t400_16mb/board.cfg
resources/coreboot/t400_4mb/board.cfg
resources/coreboot/t400_8mb/board.cfg
resources/coreboot/t500_16mb/board.cfg
resources/coreboot/t500_4mb/board.cfg
resources/coreboot/t500_8mb/board.cfg
resources/coreboot/t60_intelgpu_16mb/board.cfg
resources/coreboot/t60_intelgpu_2mb/board.cfg
resources/coreboot/w500_16mb/board.cfg
resources/coreboot/w500_4mb/board.cfg
resources/coreboot/w500_8mb/board.cfg
resources/coreboot/x200_16mb/board.cfg
resources/coreboot/x200_4mb/board.cfg
resources/coreboot/x200_8mb/board.cfg
resources/coreboot/x301_16mb/board.cfg
resources/coreboot/x301_4mb/board.cfg
resources/coreboot/x301_8mb/board.cfg
resources/coreboot/x60_16mb/board.cfg
resources/coreboot/x60_2mb/board.cfg
resources/debian/copyright
resources/grub/modules.list
resources/guix/gnuboot/patches/flashrom-1.2.patch
resources/u-boot/default/blobs.list
